
> nextn@0.1.0 build
> next build

   Ôû▓ Next.js 15.1.11
   - Environments: .env

   Creating an optimized production build ...
 Ô£ô Compiled successfully
   Skipping validation of types
   Skipping linting
   Collecting page data ...
node.exe : [Error [PageNotFoundError]: Cannot 
find module for page: 
/[locale]/dashboard/projects/[id]] {
En línea: 1 Carácter: 1
+ & "C:\Program Files\nodejs/node.exe" 
"C:\Program Files\nodejs/node_mo ...
+ ~~~~~~~~~~~~~~~~~~~~~~~~~~~~~~~~~~~~~~~~~~~~~
~~~~~~~~~~~~~~~~~~~~~~~~
    + CategoryInfo          : NotSpecified: ([ 
   Error [PageNot...rojects/[id]] {:String) [  
  ], RemoteException
    + FullyQualifiedErrorId : NativeCommandErr 
   or
 
  code: 'ENOENT'
}

> Build error occurred
[Error: Failed to collect page data for 
/[locale]/dashboard/projects/[id]] {
  type: 'Error'
}
