
> nextn@0.1.0 build
> next build

   Ôû▓ Next.js 15.1.11
   - Environments: .env

   Creating an optimized production build ...
 Ô£ô Compiled successfully
   Skipping validation of types
   Skipping linting
   Collecting page data ...
node.exe : Error: Cannot find module 'C:\Users\Usuario\Documents\github\works\nexoai\node_modules\@google-cloud\tasks\b
uild\esm\src\v2\cloud_tasks_client_config.json'
En línea: 1 Carácter: 1
+ & "C:\Program Files\nodejs/node.exe" "C:\Program Files\nodejs/node_mo ...
+ ~~~~~~~~~~~~~~~~~~~~~~~~~~~~~~~~~~~~~~~~~~~~~~~~~~~~~~~~~~~~~~~~~~~~~
    + CategoryInfo          : NotSpecified: (Error: Cannot f...nt_config.json':String) [], RemoteException
    + FullyQualifiedErrorId : NativeCommandError
 
    at t (C:\Users\Usuario\Documents\github\works\nexoai\.next\server\app\api\marketing\cron\route.js:1:104)
    at r (C:\Users\Usuario\Documents\github\works\nexoai\.next\server\app\api\marketing\cron\route.js:15:1161516)
    at 86602 (C:\Users\Usuario\Documents\github\works\nexoai\.next\server\app\api\marketing\cron\route.js:15:429763)
    at t (C:\Users\Usuario\Documents\github\works\nexoai\.next\server\webpack-runtime.js:1:143)
    at <unknown> 
(C:\Users\Usuario\Documents\github\works\nexoai\.next\server\app\api\marketing\cron\route.js:15:426082)
    at t.a (C:\Users\Usuario\Documents\github\works\nexoai\.next\server\webpack-runtime.js:1:918)
    at 8786 (C:\Users\Usuario\Documents\github\works\nexoai\.next\server\app\api\marketing\cron\route.js:15:425993)
    at t (C:\Users\Usuario\Documents\github\works\nexoai\.next\server\webpack-runtime.js:1:143)
    at <unknown> (C:\Users\Usuario\Documents\github\works\nexoai\.next\server\app\api\marketing\cron\route.js:1:2892)
    at t.a (C:\Users\Usuario\Documents\github\works\nexoai\.next\server\webpack-runtime.js:1:918) {
  code: 'MODULE_NOT_FOUND'
}

> Build error occurred
[Error: Failed to collect page data for /api/marketing/cron] {
  type: 'Error'
}
